// Jest Snapshot v1, https://goo.gl/fbAQLP

exports[`Display Button should create valid snapshot 1`] = `
.c2 {
  display: -webkit-box;
  display: -webkit-flex;
  display: -ms-flexbox;
  display: flex;
  -webkit-flex: 1;
  -ms-flex: 1;
  flex: 1;
}

.c3 {
  display: -webkit-box;
  display: -webkit-flex;
  display: -ms-flexbox;
  display: flex;
  -webkit-flex: 1;
  -ms-flex: 1;
  flex: 1;
  min-width: 0;
  text-align: left;
  text-transform: none;
  color: #24292f;
}

.c4 {
  box-sizing: border-box;
  display: -webkit-box;
  display: -webkit-flex;
  display: -ms-flexbox;
  display: flex;
  -webkit-flex: 1;
  -ms-flex: 1;
  flex: 1;
  -webkit-flex-direction: column;
  -ms-flex-direction: column;
  flex-direction: column;
  max-height: 650px;
  overflow: auto;
  padding: 16px 16px;
}

.c1 {
  position: relative;
  display: -webkit-box;
  display: -webkit-flex;
  display: -ms-flexbox;
  display: flex;
  -webkit-align-items: center;
  -webkit-box-align: center;
  -ms-flex-align: center;
  align-items: center;
  -webkit-box-pack: justify;
  -webkit-justify-content: space-between;
  -ms-flex-pack: justify;
  justify-content: space-between;
  border-bottom: none;
  color: #24292f;
  padding: 16px 16px 0 16px;
}

.c7 {
  display: -webkit-box;
  display: -webkit-flex;
  display: -ms-flexbox;
  display: flex;
  -webkit-align-items: center;
  -webkit-box-align: center;
  -ms-flex-align: center;
  align-items: center;
  -webkit-box-pack: justify;
  -webkit-justify-content: space-between;
  -ms-flex-pack: justify;
  justify-content: space-between;
  border-top: 1px rgba(208,215,222,0.5) solid;
  padding: 8px 16px;
}

.c7 button {
  margin-left: 8px;
}

.c8 {
  display: -webkit-box;
  display: -webkit-flex;
  display: -ms-flexbox;
  display: flex;
}

.c0 {
  display: -webkit-box;
  display: -webkit-flex;
  display: -ms-flexbox;
  display: flex;
  -webkit-flex-direction: column;
  -ms-flex-direction: column;
  flex-direction: column;
  overflow: hidden;
  background-color: #ffffff;
  border: 1px rgba(208,215,222,0.5) solid;
  border-radius: 6px;
  box-shadow: 0 1px 0 rgba(27,31,36,0.04);
}

.c5 {
  display: -webkit-box;
  display: -webkit-flex;
  display: -ms-flexbox;
  display: flex;
  -webkit-flex: 1;
  -ms-flex: 1;
  flex: 1;
}

.c5 div[disabled],
.c5 div.disabled,
.c5 div[aria-disabled=true] {
  pointer-events: none;
  color: #8c959f;
  opacity: 65%;
}

.c6 {
  display: -webkit-box;
  display: -webkit-flex;
  display: -ms-flexbox;
  display: flex;
  -webkit-flex-wrap: wrap;
  -ms-flex-wrap: wrap;
  flex-wrap: wrap;
  max-height: 200px;
  overflow-x: hidden;
  overflow-y: auto;
  padding: 0;
}

.c9 {
  position: relative;
  display: inline-block;
  padding: 5px 16px;
  font-size: 14px;
  font-weight: 500;
  line-height: 20px;
  white-space: nowrap;
  vertical-align: middle;
  cursor: pointer;
  -webkit-user-select: none;
  -moz-user-select: none;
  -ms-user-select: none;
  user-select: none;
  border: 1px solid;
  border-radius: 6px;
  -webkit-appearance: none;
  -moz-appearance: none;
  appearance: none;
}

.c9:hover {
  -webkit-text-decoration: none;
  text-decoration: none;
}

.c9:disabled,
.c9.disabled,
.c9[aria-disabled=true] {
  cursor: default;
}

.c9 .dropdown-caret {
  margin-left: 4px;
  opacity: 0.8;
}

.c9 {
  color: #24292f;
  background-color: #f6f8fa;
  border: 1px rgba(208,215,222,0.5) solid;
  box-shadow: 0 1px 0 rgba(27,31,36,0.04),inset 0 1px 0 rgba(255,255,255,0.25);
  -webkit-transition: 0.2s cubic-bezier(0.3,0,0.5,1);
  transition: 0.2s cubic-bezier(0.3,0,0.5,1);
  -webkit-transition-property: color,background-color,border-color;
  transition-property: color,background-color,border-color;
}

.c9:hover,
.c9.hover,
[open] > .c9 {
  background-color: #eaeef2;
  -webkit-transition-duration: 0.1s;
  transition-duration: 0.1s;
}

.c9:active {
  background-color: #e1e6ec;
  -webkit-transition: none;
  transition: none;
}

.c9.selected,
.c9[aria-selected=true] {
  background-color: #e4e9ee;
  box-shadow: inset 0 1px 0 rgba(208,215,222,0.2);
}

.c9:disabled,
.c9.disabled,
.c9[aria-disabled=true] {
  color: #8c959f;
  background-color: #f6f8fa;
  cursor: default;
}

.c9:focus,
.c9.focus {
  outline: none;
  box-shadow: 0 0 0 3px rgba(9,105,218,0.15);
}

.c9.danger:hover,
.c9.danger.hover,
[open] > .c9.danger {
  color: #ffffff;
  background-color: #a40e26;
  border-color: rgba(208,215,222,0.5);
  box-shadow: 0 1px 0 rgba(27,31,36,0.1), inset 0 1px 0 rgba(255,255,255,0.03);
}

.c9.danger:active,
.c9.danger.selected,
.c9.danger[aria-selected=true] {
  color: #ffffff;
  background-color: #c2202b;
  border-color: rgba(208,215,222,0.5);
  box-shadow: inset 0 1px 0 rgba(76,0,20,0.2);
}

.c9.danger:disabled,
.c9.danger.disabled,
.c9.danger[aria-disabled=true] {
  color: rgba(207,34,46,0.5);
  background-color: #f6f8fa;
  border-color: rgba(208,215,222,0.5);
  box-shadow: none;
}

.c9.danger:focus,
.c9.danger.focus {
  border-color: rgba(208,215,222,0.5);
  box-shadow: 0 0 0 3px rgba(164,14,38,0.4);
}

<div
  class="c0 selector-hello"
>
  <div
    class="c1"
  >
    <h2
      class="h2"
    >
      Hello
    </h2>
  </div>
  <div
    class="c2"
  >
    <div
      class="c3"
    >
      <div
        class="c4"
      >
        <div
          class="c5"
        >
          <div
            class="c6"
          />
        </div>
      </div>
    </div>
  </div>
  <div
    class="c7"
  >
    <div
      class="c8"
    />
    <div
      class="c8"
    >
      <button
        class="c9 danger"
      >
        Close
      </button>
    </div>
  </div>
</div>
`;
