// Jest Snapshot v1, https://goo.gl/fbAQLP

exports[`Display Dot should create valid snapshot 1`] = `
.c0 {
  height: 20px;
  width: 20px;
  background-color: #bbb;
  border-radius: 50%;
  display: inline-block;
}

<span
  class="c0"
  color="#bbb"
/>
`;
