// Jest Snapshot v1, https://goo.gl/fbAQLP

exports[`Display Table should create valid snapshot 1`] = `
.c0 {
  border-spacing: 0;
  border: 1px solid #d0d7de;
}

.c0 tr:last-child td {
  border-bottom: 0;
}

.c0 td {
  vertical-align: top;
}

.c0 td .toolbar {
  display: none;
}

.c0 td:hover .toolbar {
  display: -webkit-box;
  display: -webkit-flex;
  display: -ms-flexbox;
  display: flex;
}

.c0 th,
.c0 td {
  margin: 0;
  padding: 0.5rem;
  border-bottom: 1px solid #d0d7de;
  border-right: 1px solid #d0d7de;
}

.c0 th:last-child,
.c0 td:last-child {
  border-right: 0;
}

<table
  class="c0"
  role="table"
>
  <thead>
    <tr
      role="row"
    >
      <th
        colspan="1"
        role="columnheader"
      >
        Name
      </th>
      <th
        colspan="1"
        role="columnheader"
      >
        Age
      </th>
    </tr>
  </thead>
  <tbody
    role="rowgroup"
  >
    <tr
      role="row"
    >
      <td
        role="cell"
      >
        John Smith
      </td>
      <td
        role="cell"
      >
        21
      </td>
    </tr>
    <tr
      role="row"
    >
      <td
        role="cell"
      >
        Jack Smith
      </td>
      <td
        role="cell"
      >
        66
      </td>
    </tr>
  </tbody>
</table>
`;
