// Jest Snapshot v1, https://goo.gl/fbAQLP

exports[`Item Grid should create valid snapshot 1`] = `
.c0 {
  display: -webkit-box;
  display: -webkit-flex;
  display: -ms-flexbox;
  display: flex;
  -webkit-flex: 1;
  -ms-flex: 1;
  flex: 1;
}

.c3 {
  display: -webkit-box;
  display: -webkit-flex;
  display: -ms-flexbox;
  display: flex;
  -webkit-align-items: center;
  -webkit-box-align: center;
  -ms-flex-align: center;
  align-items: center;
  height: 24px;
  width: 24px;
  -webkit-box-pack: center;
  -webkit-justify-content: center;
  -ms-flex-pack: center;
  justify-content: center;
}

.c2 {
  display: -webkit-box;
  display: -webkit-flex;
  display: -ms-flexbox;
  display: flex;
  -webkit-align-items: center;
  -webkit-box-align: center;
  -ms-flex-align: center;
  align-items: center;
  border-radius: 3px;
  padding: 4px;
  color: #222f3e;
  cursor: pointer;
  -webkit-user-select: none;
  -moz-user-select: none;
  -ms-user-select: none;
  user-select: none;
}

.c2:hover {
  background-color: #dee0e2;
}

.c1 {
  display: -webkit-box;
  display: -webkit-flex;
  display: -ms-flexbox;
  display: flex;
  -webkit-flex-wrap: wrap;
  -ms-flex-wrap: wrap;
  flex-wrap: wrap;
  max-height: 200px;
  overflow-x: hidden;
  overflow-y: auto;
  padding: 0;
}

<div
  class="c0"
>
  <div
    class="c1"
  >
    <div
      class="c2"
      data-item="1"
    >
      <div
        class="c3"
      >
        1
      </div>
    </div>
    <div
      class="c2"
      data-item="2"
    >
      <div
        class="c3"
      >
        2
      </div>
    </div>
    <div
      class="c2"
      data-item="3"
    >
      <div
        class="c3"
      >
        3
      </div>
    </div>
    <div
      class="c2"
      data-item="4"
    >
      <div
        class="c3"
      >
        4
      </div>
    </div>
  </div>
</div>
`;
