// Jest Snapshot v1, https://goo.gl/fbAQLP

exports[`Display Button should create valid snapshot 1`] = `
.c0 {
  position: relative;
  display: inline-block;
  padding: 5px 16px;
  font-size: 14px;
  font-weight: 600;
  line-height: 20px;
  white-space: nowrap;
  vertical-align: middle;
  cursor: pointer;
  -webkit-user-select: none;
  -moz-user-select: none;
  -ms-user-select: none;
  user-select: none;
  border: 1px solid;
  border-radius: 6px;
  -webkit-appearance: none;
  -moz-appearance: none;
  appearance: none;
}

.c0:hover {
  -webkit-text-decoration: none;
  text-decoration: none;
}

.c0:disabled,
.c0.disabled,
.c0[aria-disabled=true] {
  cursor: default;
}

.c0 .dropdown-caret {
  margin-left: 4px;
  opacity: 0.8;
}

.c0 .btn-icon {
  margin-right: 4px;
  color: inherit;
  vertical-align: text-bottom;
}

.c0 .btn-icon:only-child {
  margin-right: 0;
}

.c0 {
  color: #24292f;
  background-color: #f6f8fa;
  border: 1px rgba(208,215,222,0.5) solid;
  box-shadow: 0 1px 0 rgba(27,31,36,0.04),inset 0 1px 0 rgba(255,255,255,0.25);
  -webkit-transition: 0.2s cubic-bezier(0.3,0,0.5,1);
  transition: 0.2s cubic-bezier(0.3,0,0.5,1);
  -webkit-transition-property: color,background-color,border-color;
  transition-property: color,background-color,border-color;
}

.c0:hover,
.c0.hover,
[open] > .c0 {
  background-color: #eaeef2;
  -webkit-transition-duration: 0.1s;
  transition-duration: 0.1s;
}

.c0:active {
  background-color: #e1e6ec;
  -webkit-transition: none;
  transition: none;
}

.c0.selected,
.c0[aria-selected=true] {
  background-color: #e4e9ee;
  box-shadow: inset 0 1px 0 rgba(208,215,222,0.2);
}

.c0:disabled,
.c0.disabled,
.c0[aria-disabled=true] {
  color: #8c959f;
  background-color: #f6f8fa;
  cursor: default;
}

.c0:disabled .btn-icon,
.c0.disabled .btn-icon,
.c0[aria-disabled=true] .btn-icon {
  color: #8c959f;
}

.c0:focus,
.c0.focus {
  outline: none;
  box-shadow: 0 0 0 3px rgba(9,105,218,0.15);
}

<button
  class="c0 default"
>
  Hello
</button>
`;
