// Jest Snapshot v1, https://goo.gl/fbAQLP

exports[`Display FinesTable should create a valid snapshot 1`] = `
.c0 {
  display: block;
  max-width: 100%;
  overflow: scroll visible;
}

.c0 table {
  width: 100%;
  height: auto;
  border: none;
  border-collapse: separate;
  border-spacing: 0 8px;
}

.c0 table th,
.c0 table td {
  width: 1%;
}

.c0 table th {
  border: none;
  border-right: 1px solid rgba(208,215,222,0.5) !important;
}

.c0 table th:last-child,
.c0 table td:last-child {
  border-right: none !important;
}

.c0 table td {
  border: none;
}

.c0 table thead {
  font-weight: 500;
}

.c0 table thead th:first-child {
  text-align: left;
}

.c0 table tbody tr {
  background-color: #ffffff;
  box-shadow: 0 3px 6px rgba(140,149,159,0.15),inset 0 1px 0 rgba(255,255,255,0.25);
}

.c0 table tbody {
  --border-radius-cell: 6px;
}

.c0 table tbody tr td:first-child {
  border-top-left-radius: var(--border-radius-cell);
  border-bottom-left-radius: var(--border-radius-cell);
}

.c0 table tbody tr td:last-child {
  border-top-right-radius: var(--border-radius-cell);
  border-bottom-right-radius: var(--border-radius-cell);
}

.c0 table tbody td .toolbar {
  visibility: hidden;
  opacity: 0;
  -webkit-transition: visibility 0s,opacity 0.1s linear;
  transition: visibility 0s,opacity 0.1s linear;
}

.c0 table tbody td:hover .toolbar {
  visibility: visible;
  opacity: 1;
}

.c1 {
  border-spacing: 0;
  border: 1px solid #d0d7de;
}

.c1 tr:last-child td {
  border-bottom: 0;
}

.c1 th,
.c1 td {
  margin: 0;
  padding: 0.5rem;
  border-bottom: 1px solid #d0d7de;
  border-right: 1px solid #d0d7de;
}

.c1 th:last-child,
.c1 td:last-child {
  border-right: 0;
}

.c2 {
  display: -webkit-box;
  display: -webkit-flex;
  display: -ms-flexbox;
  display: flex;
  -webkit-flex: 1;
  -ms-flex: 1;
  flex: 1;
  -webkit-flex-shrink: 0;
  -ms-flex-negative: 0;
  flex-shrink: 0;
  -webkit-flex-wrap: wrap;
  -ms-flex-wrap: wrap;
  flex-wrap: wrap;
  -webkit-align-items: flex-end;
  -webkit-box-align: flex-end;
  -ms-flex-align: flex-end;
  align-items: flex-end;
  padding: 0 0;
}

.c2 .editable {
  overflow: auto;
}

.c2 .toolbar {
  -webkit-flex: none;
  -ms-flex: none;
  flex: none;
  box-shadow: 0 1px 0 rgba(27,31,36,0.04);
}

.c3 {
  display: -webkit-box;
  display: -webkit-flex;
  display: -ms-flexbox;
  display: flex;
  -webkit-flex: 1;
  -ms-flex: 1;
  flex: 1;
}

.c3 div[disabled],
.c3 div.disabled,
.c3 div[aria-disabled=true] {
  pointer-events: none;
  color: #8c959f;
  opacity: 65%;
}

.c6 {
  display: -webkit-box;
  display: -webkit-flex;
  display: -ms-flexbox;
  display: flex;
  -webkit-align-items: center;
  -webkit-box-align: center;
  -ms-flex-align: center;
  align-items: center;
  height: 24px;
  min-width: 24px;
  -webkit-box-pack: center;
  -webkit-justify-content: center;
  -ms-flex-pack: center;
  justify-content: center;
}

.c5 {
  display: -webkit-box;
  display: -webkit-flex;
  display: -ms-flexbox;
  display: flex;
  -webkit-align-items: center;
  -webkit-box-align: center;
  -ms-flex-align: center;
  align-items: center;
  border-radius: 3px;
  padding: 4px;
  color: #222f3e;
  cursor: pointer;
  -webkit-user-select: none;
  -moz-user-select: none;
  -ms-user-select: none;
  user-select: none;
}

.c5:hover {
  background-color: #dee0e2;
}

.c4 {
  display: -webkit-box;
  display: -webkit-flex;
  display: -ms-flexbox;
  display: flex;
  -webkit-flex-wrap: wrap;
  -ms-flex-wrap: wrap;
  flex-wrap: wrap;
  max-height: 200px;
  overflow-x: hidden;
  overflow-y: auto;
  padding: 0;
}

<div
  class="c0"
>
  <table
    class="c1"
    role="table"
  >
    <thead>
      <tr
        role="row"
      >
        <th
          colspan="1"
          role="columnheader"
        >
          Player
        </th>
        <th
          colspan="1"
          role="columnheader"
        >
          Game 1
        </th>
        <th
          colspan="1"
          role="columnheader"
        >
          Game 2
        </th>
        <th
          colspan="1"
          role="columnheader"
        >
          Game 3
        </th>
      </tr>
    </thead>
    <tbody
      role="rowgroup"
    >
      <tr
        role="row"
      >
        <td
          role="cell"
        >
          Ade
        </td>
        <td
          role="cell"
        >
          <div
            class="c2"
            data="[object Object],[object Object],[object Object]"
            headers="[object Object],[object Object],[object Object],[object Object]"
          >
            <div
              class="c3 editable"
            >
              <div
                class="c4"
              >
                <div
                  aria-disabled="false"
                  class="c5"
                  data-item="H"
                >
                  <div
                    class="c6"
                  >
                    H
                  </div>
                </div>
                <div
                  aria-disabled="false"
                  class="c5 toolbar"
                  data-class="toolbar"
                  data-item="toolbar"
                >
                  <div
                    class="c6"
                  >
                    <svg
                      aria-hidden="true"
                      class="svg-inline--fa fa-plus fa-w-14 "
                      data-icon="plus"
                      data-prefix="fas"
                      focusable="false"
                      role="img"
                      viewBox="0 0 448 512"
                      xmlns="http://www.w3.org/2000/svg"
                    >
                      <path
                        d="M416 208H272V64c0-17.67-14.33-32-32-32h-32c-17.67 0-32 14.33-32 32v144H32c-17.67 0-32 14.33-32 32v32c0 17.67 14.33 32 32 32h144v144c0 17.67 14.33 32 32 32h32c17.67 0 32-14.33 32-32V304h144c17.67 0 32-14.33 32-32v-32c0-17.67-14.33-32-32-32z"
                        fill="currentColor"
                      />
                    </svg>
                  </div>
                </div>
              </div>
            </div>
          </div>
        </td>
        <td
          role="cell"
        >
          <div
            class="c2"
            data="[object Object],[object Object],[object Object]"
            headers="[object Object],[object Object],[object Object],[object Object]"
          >
            <div
              class="c3 editable"
            >
              <div
                class="c4"
              >
                <div
                  aria-disabled="false"
                  class="c5"
                  data-item="D"
                >
                  <div
                    class="c6"
                  >
                    D
                  </div>
                </div>
                <div
                  aria-disabled="false"
                  class="c5"
                  data-item="H"
                >
                  <div
                    class="c6"
                  >
                    H
                  </div>
                </div>
                <div
                  aria-disabled="false"
                  class="c5"
                  data-item="D"
                >
                  <div
                    class="c6"
                  >
                    D
                  </div>
                </div>
                <div
                  aria-disabled="false"
                  class="c5"
                  data-item="D"
                >
                  <div
                    class="c6"
                  >
                    D
                  </div>
                </div>
                <div
                  aria-disabled="false"
                  class="c5 toolbar"
                  data-class="toolbar"
                  data-item="toolbar"
                >
                  <div
                    class="c6"
                  >
                    <svg
                      aria-hidden="true"
                      class="svg-inline--fa fa-plus fa-w-14 "
                      data-icon="plus"
                      data-prefix="fas"
                      focusable="false"
                      role="img"
                      viewBox="0 0 448 512"
                      xmlns="http://www.w3.org/2000/svg"
                    >
                      <path
                        d="M416 208H272V64c0-17.67-14.33-32-32-32h-32c-17.67 0-32 14.33-32 32v144H32c-17.67 0-32 14.33-32 32v32c0 17.67 14.33 32 32 32h144v144c0 17.67 14.33 32 32 32h32c17.67 0 32-14.33 32-32V304h144c17.67 0 32-14.33 32-32v-32c0-17.67-14.33-32-32-32z"
                        fill="currentColor"
                      />
                    </svg>
                  </div>
                </div>
              </div>
            </div>
          </div>
        </td>
        <td
          role="cell"
        >
          <div
            class="c2"
            data="[object Object],[object Object],[object Object]"
            headers="[object Object],[object Object],[object Object],[object Object]"
          >
            <div
              class="c3 editable"
            >
              <div
                class="c4"
              >
                <div
                  aria-disabled="false"
                  class="c5"
                  data-item="R"
                >
                  <div
                    class="c6"
                  >
                    R
                  </div>
                </div>
                <div
                  aria-disabled="false"
                  class="c5 toolbar"
                  data-class="toolbar"
                  data-item="toolbar"
                >
                  <div
                    class="c6"
                  >
                    <svg
                      aria-hidden="true"
                      class="svg-inline--fa fa-plus fa-w-14 "
                      data-icon="plus"
                      data-prefix="fas"
                      focusable="false"
                      role="img"
                      viewBox="0 0 448 512"
                      xmlns="http://www.w3.org/2000/svg"
                    >
                      <path
                        d="M416 208H272V64c0-17.67-14.33-32-32-32h-32c-17.67 0-32 14.33-32 32v144H32c-17.67 0-32 14.33-32 32v32c0 17.67 14.33 32 32 32h144v144c0 17.67 14.33 32 32 32h32c17.67 0 32-14.33 32-32V304h144c17.67 0 32-14.33 32-32v-32c0-17.67-14.33-32-32-32z"
                        fill="currentColor"
                      />
                    </svg>
                  </div>
                </div>
              </div>
            </div>
          </div>
        </td>
      </tr>
      <tr
        role="row"
      >
        <td
          role="cell"
        >
          Tom Collins
        </td>
        <td
          role="cell"
        >
          <div
            class="c2"
            data="[object Object],[object Object],[object Object]"
            headers="[object Object],[object Object],[object Object],[object Object]"
          >
            <div
              class="c3 editable"
            >
              <div
                class="c4"
              >
                <div
                  aria-disabled="false"
                  class="c5 toolbar"
                  data-class="toolbar"
                  data-item="toolbar"
                >
                  <div
                    class="c6"
                  >
                    <svg
                      aria-hidden="true"
                      class="svg-inline--fa fa-plus fa-w-14 "
                      data-icon="plus"
                      data-prefix="fas"
                      focusable="false"
                      role="img"
                      viewBox="0 0 448 512"
                      xmlns="http://www.w3.org/2000/svg"
                    >
                      <path
                        d="M416 208H272V64c0-17.67-14.33-32-32-32h-32c-17.67 0-32 14.33-32 32v144H32c-17.67 0-32 14.33-32 32v32c0 17.67 14.33 32 32 32h144v144c0 17.67 14.33 32 32 32h32c17.67 0 32-14.33 32-32V304h144c17.67 0 32-14.33 32-32v-32c0-17.67-14.33-32-32-32z"
                        fill="currentColor"
                      />
                    </svg>
                  </div>
                </div>
              </div>
            </div>
          </div>
        </td>
        <td
          role="cell"
        >
          <div
            class="c2"
            data="[object Object],[object Object],[object Object]"
            headers="[object Object],[object Object],[object Object],[object Object]"
          >
            <div
              class="c3 editable"
            >
              <div
                class="c4"
              >
                <div
                  aria-disabled="false"
                  class="c5"
                  data-item="H"
                >
                  <div
                    class="c6"
                  >
                    H
                  </div>
                </div>
                <div
                  aria-disabled="false"
                  class="c5 toolbar"
                  data-class="toolbar"
                  data-item="toolbar"
                >
                  <div
                    class="c6"
                  >
                    <svg
                      aria-hidden="true"
                      class="svg-inline--fa fa-plus fa-w-14 "
                      data-icon="plus"
                      data-prefix="fas"
                      focusable="false"
                      role="img"
                      viewBox="0 0 448 512"
                      xmlns="http://www.w3.org/2000/svg"
                    >
                      <path
                        d="M416 208H272V64c0-17.67-14.33-32-32-32h-32c-17.67 0-32 14.33-32 32v144H32c-17.67 0-32 14.33-32 32v32c0 17.67 14.33 32 32 32h144v144c0 17.67 14.33 32 32 32h32c17.67 0 32-14.33 32-32V304h144c17.67 0 32-14.33 32-32v-32c0-17.67-14.33-32-32-32z"
                        fill="currentColor"
                      />
                    </svg>
                  </div>
                </div>
              </div>
            </div>
          </div>
        </td>
        <td
          role="cell"
        >
          <div
            class="c2"
            data="[object Object],[object Object],[object Object]"
            headers="[object Object],[object Object],[object Object],[object Object]"
          >
            <div
              class="c3 editable"
            >
              <div
                class="c4"
              >
                <div
                  aria-disabled="false"
                  class="c5"
                  data-item="R"
                >
                  <div
                    class="c6"
                  >
                    R
                  </div>
                </div>
                <div
                  aria-disabled="false"
                  class="c5 toolbar"
                  data-class="toolbar"
                  data-item="toolbar"
                >
                  <div
                    class="c6"
                  >
                    <svg
                      aria-hidden="true"
                      class="svg-inline--fa fa-plus fa-w-14 "
                      data-icon="plus"
                      data-prefix="fas"
                      focusable="false"
                      role="img"
                      viewBox="0 0 448 512"
                      xmlns="http://www.w3.org/2000/svg"
                    >
                      <path
                        d="M416 208H272V64c0-17.67-14.33-32-32-32h-32c-17.67 0-32 14.33-32 32v144H32c-17.67 0-32 14.33-32 32v32c0 17.67 14.33 32 32 32h144v144c0 17.67 14.33 32 32 32h32c17.67 0 32-14.33 32-32V304h144c17.67 0 32-14.33 32-32v-32c0-17.67-14.33-32-32-32z"
                        fill="currentColor"
                      />
                    </svg>
                  </div>
                </div>
              </div>
            </div>
          </div>
        </td>
      </tr>
      <tr
        role="row"
      >
        <td
          role="cell"
        >
          Jamie
        </td>
        <td
          role="cell"
        >
          <div
            class="c2"
            data="[object Object],[object Object],[object Object]"
            headers="[object Object],[object Object],[object Object],[object Object]"
          >
            <div
              class="c3 editable"
            >
              <div
                class="c4"
              >
                <div
                  aria-disabled="false"
                  class="c5"
                  data-item="H"
                >
                  <div
                    class="c6"
                  >
                    H
                  </div>
                </div>
                <div
                  aria-disabled="false"
                  class="c5"
                  data-item="D"
                >
                  <div
                    class="c6"
                  >
                    D
                  </div>
                </div>
                <div
                  aria-disabled="false"
                  class="c5"
                  data-item="H"
                >
                  <div
                    class="c6"
                  >
                    H
                  </div>
                </div>
                <div
                  aria-disabled="false"
                  class="c5"
                  data-item="D"
                >
                  <div
                    class="c6"
                  >
                    D
                  </div>
                </div>
                <div
                  aria-disabled="false"
                  class="c5"
                  data-item="D"
                >
                  <div
                    class="c6"
                  >
                    D
                  </div>
                </div>
                <div
                  aria-disabled="false"
                  class="c5 toolbar"
                  data-class="toolbar"
                  data-item="toolbar"
                >
                  <div
                    class="c6"
                  >
                    <svg
                      aria-hidden="true"
                      class="svg-inline--fa fa-plus fa-w-14 "
                      data-icon="plus"
                      data-prefix="fas"
                      focusable="false"
                      role="img"
                      viewBox="0 0 448 512"
                      xmlns="http://www.w3.org/2000/svg"
                    >
                      <path
                        d="M416 208H272V64c0-17.67-14.33-32-32-32h-32c-17.67 0-32 14.33-32 32v144H32c-17.67 0-32 14.33-32 32v32c0 17.67 14.33 32 32 32h144v144c0 17.67 14.33 32 32 32h32c17.67 0 32-14.33 32-32V304h144c17.67 0 32-14.33 32-32v-32c0-17.67-14.33-32-32-32z"
                        fill="currentColor"
                      />
                    </svg>
                  </div>
                </div>
              </div>
            </div>
          </div>
        </td>
        <td
          role="cell"
        >
          <div
            class="c2"
            data="[object Object],[object Object],[object Object]"
            headers="[object Object],[object Object],[object Object],[object Object]"
          >
            <div
              class="c3 editable"
            >
              <div
                class="c4"
              >
                <div
                  aria-disabled="false"
                  class="c5"
                  data-item="D"
                >
                  <div
                    class="c6"
                  >
                    D
                  </div>
                </div>
                <div
                  aria-disabled="false"
                  class="c5"
                  data-item="H"
                >
                  <div
                    class="c6"
                  >
                    H
                  </div>
                </div>
                <div
                  aria-disabled="false"
                  class="c5 toolbar"
                  data-class="toolbar"
                  data-item="toolbar"
                >
                  <div
                    class="c6"
                  >
                    <svg
                      aria-hidden="true"
                      class="svg-inline--fa fa-plus fa-w-14 "
                      data-icon="plus"
                      data-prefix="fas"
                      focusable="false"
                      role="img"
                      viewBox="0 0 448 512"
                      xmlns="http://www.w3.org/2000/svg"
                    >
                      <path
                        d="M416 208H272V64c0-17.67-14.33-32-32-32h-32c-17.67 0-32 14.33-32 32v144H32c-17.67 0-32 14.33-32 32v32c0 17.67 14.33 32 32 32h144v144c0 17.67 14.33 32 32 32h32c17.67 0 32-14.33 32-32V304h144c17.67 0 32-14.33 32-32v-32c0-17.67-14.33-32-32-32z"
                        fill="currentColor"
                      />
                    </svg>
                  </div>
                </div>
              </div>
            </div>
          </div>
        </td>
        <td
          role="cell"
        >
          <div
            class="c2"
            data="[object Object],[object Object],[object Object]"
            headers="[object Object],[object Object],[object Object],[object Object]"
          >
            <div
              class="c3 editable"
            >
              <div
                class="c4"
              >
                <div
                  aria-disabled="false"
                  class="c5"
                  data-item="R"
                >
                  <div
                    class="c6"
                  >
                    R
                  </div>
                </div>
                <div
                  aria-disabled="false"
                  class="c5 toolbar"
                  data-class="toolbar"
                  data-item="toolbar"
                >
                  <div
                    class="c6"
                  >
                    <svg
                      aria-hidden="true"
                      class="svg-inline--fa fa-plus fa-w-14 "
                      data-icon="plus"
                      data-prefix="fas"
                      focusable="false"
                      role="img"
                      viewBox="0 0 448 512"
                      xmlns="http://www.w3.org/2000/svg"
                    >
                      <path
                        d="M416 208H272V64c0-17.67-14.33-32-32-32h-32c-17.67 0-32 14.33-32 32v144H32c-17.67 0-32 14.33-32 32v32c0 17.67 14.33 32 32 32h144v144c0 17.67 14.33 32 32 32h32c17.67 0 32-14.33 32-32V304h144c17.67 0 32-14.33 32-32v-32c0-17.67-14.33-32-32-32z"
                        fill="currentColor"
                      />
                    </svg>
                  </div>
                </div>
              </div>
            </div>
          </div>
        </td>
      </tr>
    </tbody>
  </table>
</div>
`;
